// Jest Snapshot v1, https://goo.gl/fbAQLP

exports[`Api Spec 1`] = `
Object {
  "components": Object {
    "schemas": Object {
      "AdvancedModel": Object {
        "properties": Object {
          "basic": Object {
            "$ref": "#/components/schemas/BasicModel",
          },
          "greeting": Object {
            "type": "string",
          },
          "postfix": Object {
            "type": "string",
          },
        },
        "required": Array [
          "greeting",
          "basic",
        ],
        "title": "AdvancedModel",
        "type": "object",
      },
      "BasicModel": Object {
        "properties": Object {
          "someNumber": Object {
            "type": "number",
          },
          "someString": Object {
            "type": "string",
          },
        },
        "required": Array [
          "someString",
          "someNumber",
        ],
        "title": "BasicModel",
        "type": "object",
      },
      "ResponseModel": Object {
        "properties": Object {
          "message": Object {
            "type": "string",
          },
        },
        "required": Array [
          "message",
        ],
        "title": "ResponseModel",
        "type": "object",
      },
    },
    "securitySchemes": Object {
      "authorizer": Object {
        "in": "header",
        "name": "Authorization",
        "type": "apiKey",
        "x-amazon-apigateway-authtype": "custom",
      },
    },
  },
  "info": Object {
    "title": "OpenApi",
    "version": Any<String>,
  },
  "openapi": "3.0.1",
  "paths": Object {
    "/example/{hello}/advanced": Object {
      "post": Object {
        "parameters": Array [
          Object {
            "in": "path",
            "name": "hello",
            "required": true,
            "schema": Object {
              "type": "string",
            },
          },
        ],
        "requestBody": Object {
          "content": Object {
            "application/json": Object {
              "schema": Object {
                "$ref": "#/components/schemas/AdvancedModel",
              },
            },
          },
          "required": true,
        },
        "responses": Object {
          "200": Object {
            "content": Object {
              "application/json": Object {
                "schema": Object {
                  "$ref": "#/components/schemas/ResponseModel",
                },
              },
            },
            "description": "200 response",
            "headers": Object {
              "Access-Control-Allow-Credentials": Object {
                "schema": Object {
                  "type": "string",
                },
              },
              "Access-Control-Allow-Origin": Object {
                "schema": Object {
                  "type": "string",
                },
              },
              "Content-Type": Object {
                "schema": Object {
                  "type": "string",
                },
              },
            },
          },
        },
        "security": Array [
          Object {
            "authorizer": Array [],
          },
        ],
      },
    },
    "/example/{hello}/basic": Object {
      "post": Object {
        "parameters": Array [
          Object {
            "in": "path",
            "name": "hello",
            "required": true,
            "schema": Object {
              "type": "string",
            },
          },
        ],
        "requestBody": Object {
          "content": Object {
            "application/json": Object {
              "schema": Object {
                "$ref": "#/components/schemas/BasicModel",
              },
            },
          },
          "required": true,
        },
        "responses": Object {
          "200": Object {
            "content": Object {
              "application/json": Object {
                "schema": Object {
                  "$ref": "#/components/schemas/ResponseModel",
                },
              },
            },
            "description": "200 response",
            "headers": Object {
              "Access-Control-Allow-Credentials": Object {
                "schema": Object {
                  "type": "string",
                },
              },
              "Access-Control-Allow-Origin": Object {
                "schema": Object {
                  "type": "string",
                },
              },
              "Content-Type": Object {
                "schema": Object {
                  "type": "string",
                },
              },
            },
          },
        },
        "security": Array [
          Object {
            "authorizer": Array [],
          },
        ],
      },
    },
  },
}
`;

exports[`Snapshot 1`] = `
Object {
  "Outputs": Object {
    "OpenApiEndpointAD04A46A": Object {
      "Value": Object {
        "Fn::Join": Array [
          "",
          Array [
            "https://",
            Object {
              "Ref": "OpenApi667EDE0B",
            },
            ".execute-api.",
            Object {
              "Ref": "AWS::Region",
            },
            ".",
            Object {
              "Ref": "AWS::URLSuffix",
            },
            "/",
            Object {
              "Ref": "OpenApiDeploymentStageprod3BBCA9DE",
            },
            "/",
          ],
        ],
      },
    },
  },
  "Parameters": Object {
    "AssetParameters1db54d8da187102a9fa51c5312d208baed3a64e997d0f490f8a326d3d5a24ce8ArtifactHash655C497B": Object {
      "Description": "Artifact hash for asset \\"1db54d8da187102a9fa51c5312d208baed3a64e997d0f490f8a326d3d5a24ce8\\"",
      "Type": "String",
    },
    "AssetParameters1db54d8da187102a9fa51c5312d208baed3a64e997d0f490f8a326d3d5a24ce8S3BucketD94FFC1A": Object {
      "Description": "S3 bucket for asset \\"1db54d8da187102a9fa51c5312d208baed3a64e997d0f490f8a326d3d5a24ce8\\"",
      "Type": "String",
    },
    "AssetParameters1db54d8da187102a9fa51c5312d208baed3a64e997d0f490f8a326d3d5a24ce8S3VersionKeyC9298FB3": Object {
      "Description": "S3 key for asset version \\"1db54d8da187102a9fa51c5312d208baed3a64e997d0f490f8a326d3d5a24ce8\\"",
      "Type": "String",
    },
    "AssetParameters86513f9e978934f5bd127a1191c99f97ae26cc5d7c9cbb7ff5130d9d3559f58aArtifactHashCAA04F06": Object {
      "Description": "Artifact hash for asset \\"86513f9e978934f5bd127a1191c99f97ae26cc5d7c9cbb7ff5130d9d3559f58a\\"",
      "Type": "String",
    },
    "AssetParameters86513f9e978934f5bd127a1191c99f97ae26cc5d7c9cbb7ff5130d9d3559f58aS3Bucket642C6685": Object {
      "Description": "S3 bucket for asset \\"86513f9e978934f5bd127a1191c99f97ae26cc5d7c9cbb7ff5130d9d3559f58a\\"",
      "Type": "String",
    },
    "AssetParameters86513f9e978934f5bd127a1191c99f97ae26cc5d7c9cbb7ff5130d9d3559f58aS3VersionKey5E7A28F6": Object {
      "Description": "S3 key for asset version \\"86513f9e978934f5bd127a1191c99f97ae26cc5d7c9cbb7ff5130d9d3559f58a\\"",
      "Type": "String",
    },
    "AssetParameters9d01930cfb66bbbf023061a9f8291a6b4805e9c4fb872733072be52324635305ArtifactHashBD1E13F5": Object {
      "Description": "Artifact hash for asset \\"9d01930cfb66bbbf023061a9f8291a6b4805e9c4fb872733072be52324635305\\"",
      "Type": "String",
    },
    "AssetParameters9d01930cfb66bbbf023061a9f8291a6b4805e9c4fb872733072be52324635305S3BucketB9C472F0": Object {
      "Description": "S3 bucket for asset \\"9d01930cfb66bbbf023061a9f8291a6b4805e9c4fb872733072be52324635305\\"",
      "Type": "String",
    },
    "AssetParameters9d01930cfb66bbbf023061a9f8291a6b4805e9c4fb872733072be52324635305S3VersionKey193D8D1A": Object {
      "Description": "S3 key for asset version \\"9d01930cfb66bbbf023061a9f8291a6b4805e9c4fb872733072be52324635305\\"",
      "Type": "String",
    },
  },
  "Resources": Object {
    "OpenApi667EDE0B": Object {
      "Properties": Object {
        "Name": "OpenApi",
      },
      "Type": "AWS::ApiGateway::RestApi",
    },
    "OpenApiAccount550EBAC4": Object {
      "DependsOn": Array [
        "OpenApi667EDE0B",
      ],
      "Properties": Object {
        "CloudWatchRoleArn": Object {
          "Fn::GetAtt": Array [
            "OpenApiCloudWatchRole86E92353",
            "Arn",
          ],
        },
      },
      "Type": "AWS::ApiGateway::Account",
    },
    "OpenApiAdvancedModelF9EAD729": Object {
      "Properties": Object {
        "ContentType": "application/json",
        "Name": "AdvancedModel",
        "RestApiId": Object {
          "Ref": "OpenApi667EDE0B",
        },
        "Schema": Object {
          "$schema": "http://json-schema.org/draft-07/schema#",
          "properties": Object {
            "basic": Object {
              "$ref": Object {
                "Fn::Join": Array [
                  "",
                  Array [
                    "https://apigateway.amazonaws.com/restapis/",
                    Object {
                      "Ref": "OpenApi667EDE0B",
                    },
                    "/models/BasicModel",
                  ],
                ],
              },
            },
            "greeting": Object {
              "type": "string",
            },
            "postfix": Object {
              "type": "string",
            },
          },
          "required": Array [
            "greeting",
            "basic",
          ],
          "title": "AdvancedModel",
          "type": "object",
        },
      },
      "Type": "AWS::ApiGateway::Model",
    },
    "OpenApiBasicModel9C5F67F6": Object {
      "Properties": Object {
        "ContentType": "application/json",
        "Name": "BasicModel",
        "RestApiId": Object {
          "Ref": "OpenApi667EDE0B",
        },
        "Schema": Object {
          "$schema": "http://json-schema.org/draft-07/schema#",
          "properties": Object {
            "someNumber": Object {
              "type": "number",
            },
            "someString": Object {
              "type": "string",
            },
          },
          "required": Array [
            "someString",
            "someNumber",
          ],
          "title": "BasicModel",
          "type": "object",
        },
      },
      "Type": "AWS::ApiGateway::Model",
    },
    "OpenApiCloudWatchRole86E92353": Object {
      "Properties": Object {
        "AssumeRolePolicyDocument": Object {
          "Statement": Array [
            Object {
              "Action": "sts:AssumeRole",
              "Effect": "Allow",
              "Principal": Object {
                "Service": "apigateway.amazonaws.com",
              },
            },
          ],
          "Version": "2012-10-17",
        },
        "ManagedPolicyArns": Array [
          Object {
            "Fn::Join": Array [
              "",
              Array [
                "arn:",
                Object {
                  "Ref": "AWS::Partition",
                },
                ":iam::aws:policy/service-role/AmazonAPIGatewayPushToCloudWatchLogs",
              ],
            ],
          },
        ],
      },
      "Type": "AWS::IAM::Role",
    },
    "OpenApiDeployment46B89897fc8a199b7611daa2338e4a2ed0dc48b0": Object {
      "DependsOn": Array [
        "OpenApiAdvancedModelF9EAD729",
        "OpenApiBasicModel9C5F67F6",
        "OpenApiexamplehelloadvancedPOSTA5F66F5E",
        "OpenApiexamplehelloadvanced33A8B49E",
        "OpenApiexamplehellobasicPOSTC5CB8664",
        "OpenApiexamplehellobasicD068E15C",
        "OpenApiexamplehello419DFBD2",
        "OpenApiexampleA15E7BB2",
        "OpenApiResponseModel05515321",
        "OpenApivalidatorParamsBodyA1B3230E",
      ],
      "Properties": Object {
        "Description": "Automatically created by the RestApi construct",
        "RestApiId": Object {
          "Ref": "OpenApi667EDE0B",
        },
      },
      "Type": "AWS::ApiGateway::Deployment",
    },
    "OpenApiDeploymentStageprod3BBCA9DE": Object {
      "Properties": Object {
        "DeploymentId": Object {
          "Ref": "OpenApiDeployment46B89897fc8a199b7611daa2338e4a2ed0dc48b0",
        },
        "RestApiId": Object {
          "Ref": "OpenApi667EDE0B",
        },
        "StageName": "prod",
      },
      "Type": "AWS::ApiGateway::Stage",
    },
    "OpenApiResponseModel05515321": Object {
      "Properties": Object {
        "ContentType": "application/json",
        "Name": "ResponseModel",
        "RestApiId": Object {
          "Ref": "OpenApi667EDE0B",
        },
        "Schema": Object {
          "$schema": "http://json-schema.org/draft-07/schema#",
          "properties": Object {
            "message": Object {
              "type": "string",
            },
          },
          "required": Array [
            "message",
          ],
          "title": "ResponseModel",
          "type": "object",
        },
      },
      "Type": "AWS::ApiGateway::Model",
    },
    "OpenApiexampleA15E7BB2": Object {
      "Properties": Object {
        "ParentId": Object {
          "Fn::GetAtt": Array [
            "OpenApi667EDE0B",
            "RootResourceId",
          ],
        },
        "PathPart": "example",
        "RestApiId": Object {
          "Ref": "OpenApi667EDE0B",
        },
      },
      "Type": "AWS::ApiGateway::Resource",
    },
    "OpenApiexamplehello419DFBD2": Object {
      "Properties": Object {
        "ParentId": Object {
          "Ref": "OpenApiexampleA15E7BB2",
        },
        "PathPart": "{hello}",
        "RestApiId": Object {
          "Ref": "OpenApi667EDE0B",
        },
      },
      "Type": "AWS::ApiGateway::Resource",
    },
    "OpenApiexamplehelloadvanced33A8B49E": Object {
      "Properties": Object {
        "ParentId": Object {
          "Ref": "OpenApiexamplehello419DFBD2",
        },
        "PathPart": "advanced",
        "RestApiId": Object {
          "Ref": "OpenApi667EDE0B",
        },
      },
      "Type": "AWS::ApiGateway::Resource",
    },
    "OpenApiexamplehelloadvancedPOSTA5F66F5E": Object {
      "Properties": Object {
        "AuthorizationType": "CUSTOM",
        "AuthorizerId": Object {
          "Ref": "blogAuthorizerF1D3AEF3",
        },
        "HttpMethod": "POST",
        "Integration": Object {
          "IntegrationHttpMethod": "POST",
          "Type": "AWS_PROXY",
          "Uri": Object {
            "Fn::Join": Array [
              "",
              Array [
                "arn:",
                Object {
                  "Ref": "AWS::Partition",
                },
                ":apigateway:",
                Object {
                  "Ref": "AWS::Region",
                },
                ":lambda:path/2015-03-31/functions/",
                Object {
                  "Fn::GetAtt": Array [
                    "advancedLambdaFunction225720E0",
                    "Arn",
                  ],
                },
                "/invocations",
              ],
            ],
          },
        },
        "MethodResponses": Array [
          Object {
            "ResponseModels": Object {
              "application/json": Object {
                "Ref": "OpenApiResponseModel05515321",
              },
            },
            "ResponseParameters": Object {
              "method.response.header.Access-Control-Allow-Credentials": true,
              "method.response.header.Access-Control-Allow-Origin": true,
              "method.response.header.Content-Type": true,
            },
            "StatusCode": "200",
          },
        ],
        "RequestModels": Object {
          "application/json": Object {
            "Ref": "OpenApiAdvancedModelF9EAD729",
          },
        },
        "RequestParameters": Object {
          "method.request.path.hello": true,
        },
        "RequestValidatorId": Object {
          "Ref": "OpenApivalidatorParamsBodyA1B3230E",
        },
        "ResourceId": Object {
          "Ref": "OpenApiexamplehelloadvanced33A8B49E",
        },
        "RestApiId": Object {
          "Ref": "OpenApi667EDE0B",
        },
      },
      "Type": "AWS::ApiGateway::Method",
    },
    "OpenApiexamplehelloadvancedPOSTApiPermissionTesttestOpenApi1D4E6227POSTexamplehelloadvancedA7B5C5E8": Object {
      "Properties": Object {
        "Action": "lambda:InvokeFunction",
        "FunctionName": Object {
          "Fn::GetAtt": Array [
            "advancedLambdaFunction225720E0",
            "Arn",
          ],
        },
        "Principal": "apigateway.amazonaws.com",
        "SourceArn": Object {
          "Fn::Join": Array [
            "",
            Array [
              "arn:",
              Object {
                "Ref": "AWS::Partition",
              },
              ":execute-api:",
              Object {
                "Ref": "AWS::Region",
              },
              ":",
              Object {
                "Ref": "AWS::AccountId",
              },
              ":",
              Object {
                "Ref": "OpenApi667EDE0B",
              },
              "/test-invoke-stage/POST/example/*/advanced",
            ],
          ],
        },
      },
      "Type": "AWS::Lambda::Permission",
    },
    "OpenApiexamplehelloadvancedPOSTApiPermissiontestOpenApi1D4E6227POSTexamplehelloadvanced3FE3E384": Object {
      "Properties": Object {
        "Action": "lambda:InvokeFunction",
        "FunctionName": Object {
          "Fn::GetAtt": Array [
            "advancedLambdaFunction225720E0",
            "Arn",
          ],
        },
        "Principal": "apigateway.amazonaws.com",
        "SourceArn": Object {
          "Fn::Join": Array [
            "",
            Array [
              "arn:",
              Object {
                "Ref": "AWS::Partition",
              },
              ":execute-api:",
              Object {
                "Ref": "AWS::Region",
              },
              ":",
              Object {
                "Ref": "AWS::AccountId",
              },
              ":",
              Object {
                "Ref": "OpenApi667EDE0B",
              },
              "/",
              Object {
                "Ref": "OpenApiDeploymentStageprod3BBCA9DE",
              },
              "/POST/example/*/advanced",
            ],
          ],
        },
      },
      "Type": "AWS::Lambda::Permission",
    },
    "OpenApiexamplehellobasicD068E15C": Object {
      "Properties": Object {
        "ParentId": Object {
          "Ref": "OpenApiexamplehello419DFBD2",
        },
        "PathPart": "basic",
        "RestApiId": Object {
          "Ref": "OpenApi667EDE0B",
        },
      },
      "Type": "AWS::ApiGateway::Resource",
    },
    "OpenApiexamplehellobasicPOSTApiPermissionTesttestOpenApi1D4E6227POSTexamplehellobasic44E1E239": Object {
      "Properties": Object {
        "Action": "lambda:InvokeFunction",
        "FunctionName": Object {
          "Fn::GetAtt": Array [
            "basicLambdaFunctionF69553F9",
            "Arn",
          ],
        },
        "Principal": "apigateway.amazonaws.com",
        "SourceArn": Object {
          "Fn::Join": Array [
            "",
            Array [
              "arn:",
              Object {
                "Ref": "AWS::Partition",
              },
              ":execute-api:",
              Object {
                "Ref": "AWS::Region",
              },
              ":",
              Object {
                "Ref": "AWS::AccountId",
              },
              ":",
              Object {
                "Ref": "OpenApi667EDE0B",
              },
              "/test-invoke-stage/POST/example/*/basic",
            ],
          ],
        },
      },
      "Type": "AWS::Lambda::Permission",
    },
    "OpenApiexamplehellobasicPOSTApiPermissiontestOpenApi1D4E6227POSTexamplehellobasic3A16EBDE": Object {
      "Properties": Object {
        "Action": "lambda:InvokeFunction",
        "FunctionName": Object {
          "Fn::GetAtt": Array [
            "basicLambdaFunctionF69553F9",
            "Arn",
          ],
        },
        "Principal": "apigateway.amazonaws.com",
        "SourceArn": Object {
          "Fn::Join": Array [
            "",
            Array [
              "arn:",
              Object {
                "Ref": "AWS::Partition",
              },
              ":execute-api:",
              Object {
                "Ref": "AWS::Region",
              },
              ":",
              Object {
                "Ref": "AWS::AccountId",
              },
              ":",
              Object {
                "Ref": "OpenApi667EDE0B",
              },
              "/",
              Object {
                "Ref": "OpenApiDeploymentStageprod3BBCA9DE",
              },
              "/POST/example/*/basic",
            ],
          ],
        },
      },
      "Type": "AWS::Lambda::Permission",
    },
    "OpenApiexamplehellobasicPOSTC5CB8664": Object {
      "Properties": Object {
        "AuthorizationType": "CUSTOM",
        "AuthorizerId": Object {
          "Ref": "blogAuthorizerF1D3AEF3",
        },
        "HttpMethod": "POST",
        "Integration": Object {
          "IntegrationHttpMethod": "POST",
          "Type": "AWS_PROXY",
          "Uri": Object {
            "Fn::Join": Array [
              "",
              Array [
                "arn:",
                Object {
                  "Ref": "AWS::Partition",
                },
                ":apigateway:",
                Object {
                  "Ref": "AWS::Region",
                },
                ":lambda:path/2015-03-31/functions/",
                Object {
                  "Fn::GetAtt": Array [
                    "basicLambdaFunctionF69553F9",
                    "Arn",
                  ],
                },
                "/invocations",
              ],
            ],
          },
        },
        "MethodResponses": Array [
          Object {
            "ResponseModels": Object {
              "application/json": Object {
                "Ref": "OpenApiResponseModel05515321",
              },
            },
            "ResponseParameters": Object {
              "method.response.header.Access-Control-Allow-Credentials": true,
              "method.response.header.Access-Control-Allow-Origin": true,
              "method.response.header.Content-Type": true,
            },
            "StatusCode": "200",
          },
        ],
        "RequestModels": Object {
          "application/json": Object {
            "Ref": "OpenApiBasicModel9C5F67F6",
          },
        },
        "RequestParameters": Object {
          "method.request.path.hello": true,
        },
        "RequestValidatorId": Object {
          "Ref": "OpenApivalidatorParamsBodyA1B3230E",
        },
        "ResourceId": Object {
          "Ref": "OpenApiexamplehellobasicD068E15C",
        },
        "RestApiId": Object {
          "Ref": "OpenApi667EDE0B",
        },
      },
      "Type": "AWS::ApiGateway::Method",
    },
    "OpenApivalidatorParamsBodyA1B3230E": Object {
      "Properties": Object {
        "RestApiId": Object {
          "Ref": "OpenApi667EDE0B",
        },
        "ValidateRequestBody": true,
        "ValidateRequestParameters": true,
      },
      "Type": "AWS::ApiGateway::RequestValidator",
    },
    "advancedLambdaFunction225720E0": Object {
      "DependsOn": Array [
        "advancedLambdaFunctionServiceRole94547389",
      ],
      "Properties": Object {
        "Code": Object {
          "S3Bucket": Object {
            "Ref": "AssetParameters86513f9e978934f5bd127a1191c99f97ae26cc5d7c9cbb7ff5130d9d3559f58aS3Bucket642C6685",
          },
          "S3Key": Object {
            "Fn::Join": Array [
              "",
              Array [
                Object {
                  "Fn::Select": Array [
                    0,
                    Object {
                      "Fn::Split": Array [
                        "||",
                        Object {
                          "Ref": "AssetParameters86513f9e978934f5bd127a1191c99f97ae26cc5d7c9cbb7ff5130d9d3559f58aS3VersionKey5E7A28F6",
                        },
                      ],
                    },
                  ],
                },
                Object {
                  "Fn::Select": Array [
                    1,
                    Object {
                      "Fn::Split": Array [
                        "||",
                        Object {
                          "Ref": "AssetParameters86513f9e978934f5bd127a1191c99f97ae26cc5d7c9cbb7ff5130d9d3559f58aS3VersionKey5E7A28F6",
                        },
                      ],
                    },
                  ],
                },
              ],
            ],
          },
        },
        "Environment": Object {
          "Variables": Object {
            "AWS_NODEJS_CONNECTION_REUSE_ENABLED": "1",
          },
        },
        "Handler": "index.handler",
        "Role": Object {
          "Fn::GetAtt": Array [
            "advancedLambdaFunctionServiceRole94547389",
            "Arn",
          ],
        },
        "Runtime": "nodejs12.x",
      },
      "Type": "AWS::Lambda::Function",
    },
    "advancedLambdaFunctionServiceRole94547389": Object {
      "Properties": Object {
        "AssumeRolePolicyDocument": Object {
          "Statement": Array [
            Object {
              "Action": "sts:AssumeRole",
              "Effect": "Allow",
              "Principal": Object {
                "Service": "lambda.amazonaws.com",
              },
            },
          ],
          "Version": "2012-10-17",
        },
        "ManagedPolicyArns": Array [
          Object {
            "Fn::Join": Array [
              "",
              Array [
                "arn:",
                Object {
                  "Ref": "AWS::Partition",
                },
                ":iam::aws:policy/service-role/AWSLambdaBasicExecutionRole",
              ],
            ],
          },
        ],
      },
      "Type": "AWS::IAM::Role",
    },
    "authorizerLambdaFunction52301750": Object {
      "DependsOn": Array [
        "authorizerLambdaFunctionServiceRole2AEEDAD3",
      ],
      "Properties": Object {
        "Code": Object {
          "S3Bucket": Object {
            "Ref": "AssetParameters9d01930cfb66bbbf023061a9f8291a6b4805e9c4fb872733072be52324635305S3BucketB9C472F0",
          },
          "S3Key": Object {
            "Fn::Join": Array [
              "",
              Array [
                Object {
                  "Fn::Select": Array [
                    0,
                    Object {
                      "Fn::Split": Array [
                        "||",
                        Object {
                          "Ref": "AssetParameters9d01930cfb66bbbf023061a9f8291a6b4805e9c4fb872733072be52324635305S3VersionKey193D8D1A",
                        },
                      ],
                    },
                  ],
                },
                Object {
                  "Fn::Select": Array [
                    1,
                    Object {
                      "Fn::Split": Array [
                        "||",
                        Object {
                          "Ref": "AssetParameters9d01930cfb66bbbf023061a9f8291a6b4805e9c4fb872733072be52324635305S3VersionKey193D8D1A",
                        },
                      ],
                    },
                  ],
                },
              ],
            ],
          },
        },
        "Environment": Object {
          "Variables": Object {
            "AWS_NODEJS_CONNECTION_REUSE_ENABLED": "1",
          },
        },
        "FunctionName": "blogAuthorizer",
        "Handler": "index.handler",
        "Role": Object {
          "Fn::GetAtt": Array [
            "authorizerLambdaFunctionServiceRole2AEEDAD3",
            "Arn",
          ],
        },
        "Runtime": "nodejs12.x",
      },
      "Type": "AWS::Lambda::Function",
    },
    "authorizerLambdaFunctionServiceRole2AEEDAD3": Object {
      "Properties": Object {
        "AssumeRolePolicyDocument": Object {
          "Statement": Array [
            Object {
              "Action": "sts:AssumeRole",
              "Effect": "Allow",
              "Principal": Object {
                "Service": "lambda.amazonaws.com",
              },
            },
          ],
          "Version": "2012-10-17",
        },
        "ManagedPolicyArns": Array [
          Object {
            "Fn::Join": Array [
              "",
              Array [
                "arn:",
                Object {
                  "Ref": "AWS::Partition",
                },
                ":iam::aws:policy/service-role/AWSLambdaBasicExecutionRole",
              ],
            ],
          },
        ],
      },
      "Type": "AWS::IAM::Role",
    },
    "authorizerLambdaFunctiontestblogAuthorizerD3C51414Permissions73ABAB10": Object {
      "Properties": Object {
        "Action": "lambda:InvokeFunction",
        "FunctionName": Object {
          "Fn::GetAtt": Array [
            "authorizerLambdaFunction52301750",
            "Arn",
          ],
        },
        "Principal": "apigateway.amazonaws.com",
        "SourceArn": Object {
          "Fn::Join": Array [
            "",
            Array [
              "arn:",
              Object {
                "Ref": "AWS::Partition",
              },
              ":execute-api:",
              Object {
                "Ref": "AWS::Region",
              },
              ":",
              Object {
                "Ref": "AWS::AccountId",
              },
              ":",
              Object {
                "Ref": "OpenApi667EDE0B",
              },
              "/authorizers/",
              Object {
                "Ref": "blogAuthorizerF1D3AEF3",
              },
            ],
          ],
        },
      },
      "Type": "AWS::Lambda::Permission",
    },
    "basicLambdaFunctionF69553F9": Object {
      "DependsOn": Array [
        "basicLambdaFunctionServiceRole3D0D875F",
      ],
      "Properties": Object {
        "Code": Object {
          "S3Bucket": Object {
            "Ref": "AssetParameters1db54d8da187102a9fa51c5312d208baed3a64e997d0f490f8a326d3d5a24ce8S3BucketD94FFC1A",
          },
          "S3Key": Object {
            "Fn::Join": Array [
              "",
              Array [
                Object {
                  "Fn::Select": Array [
                    0,
                    Object {
                      "Fn::Split": Array [
                        "||",
                        Object {
                          "Ref": "AssetParameters1db54d8da187102a9fa51c5312d208baed3a64e997d0f490f8a326d3d5a24ce8S3VersionKeyC9298FB3",
                        },
                      ],
                    },
                  ],
                },
                Object {
                  "Fn::Select": Array [
                    1,
                    Object {
                      "Fn::Split": Array [
                        "||",
                        Object {
                          "Ref": "AssetParameters1db54d8da187102a9fa51c5312d208baed3a64e997d0f490f8a326d3d5a24ce8S3VersionKeyC9298FB3",
                        },
                      ],
                    },
                  ],
                },
              ],
            ],
          },
        },
        "Environment": Object {
          "Variables": Object {
            "AWS_NODEJS_CONNECTION_REUSE_ENABLED": "1",
          },
        },
        "Handler": "index.handler",
        "Role": Object {
          "Fn::GetAtt": Array [
            "basicLambdaFunctionServiceRole3D0D875F",
            "Arn",
          ],
        },
        "Runtime": "nodejs12.x",
      },
      "Type": "AWS::Lambda::Function",
    },
    "basicLambdaFunctionServiceRole3D0D875F": Object {
      "Properties": Object {
        "AssumeRolePolicyDocument": Object {
          "Statement": Array [
            Object {
              "Action": "sts:AssumeRole",
              "Effect": "Allow",
              "Principal": Object {
                "Service": "lambda.amazonaws.com",
              },
            },
          ],
          "Version": "2012-10-17",
        },
        "ManagedPolicyArns": Array [
          Object {
            "Fn::Join": Array [
              "",
              Array [
                "arn:",
                Object {
                  "Ref": "AWS::Partition",
                },
                ":iam::aws:policy/service-role/AWSLambdaBasicExecutionRole",
              ],
            ],
          },
        ],
      },
      "Type": "AWS::IAM::Role",
    },
    "blogAuthorizerF1D3AEF3": Object {
      "Properties": Object {
        "AuthorizerResultTtlInSeconds": 0,
        "AuthorizerUri": Object {
          "Fn::Join": Array [
            "",
            Array [
              "arn:",
              Object {
                "Ref": "AWS::Partition",
              },
              ":apigateway:",
              Object {
                "Ref": "AWS::Region",
              },
              ":lambda:path/2015-03-31/functions/",
              Object {
                "Fn::GetAtt": Array [
                  "authorizerLambdaFunction52301750",
                  "Arn",
                ],
              },
              "/invocations",
            ],
          ],
        },
        "IdentitySource": "method.request.header.Authorization",
        "Name": "testblogAuthorizerD3C51414",
        "RestApiId": Object {
          "Ref": "OpenApi667EDE0B",
        },
        "Type": "TOKEN",
      },
      "Type": "AWS::ApiGateway::Authorizer",
    },
  },
}
`;
